// Jest Snapshot v1, https://goo.gl/fbAQLP

exports[`getPosts Saga should call the loadPostsError action if the response errors 1`] = `
Object {
  "@@redux-saga/IO": true,
  "combinator": false,
  "payload": Object {
    "args": Array [
      "/api/post-previews?wordpressDomain=smspillaz.wordpress.com&wordpressCount=2",
    ],
    "context": null,
    "fn": [Function],
  },
  "type": "CALL",
}
`;

exports[`getPosts Saga should dispatch the loadPostsSuccess action if it requests the data successfully 1`] = `
Object {
  "@@redux-saga/IO": true,
  "combinator": false,
  "payload": Object {
    "args": Array [
      "/api/post-previews?wordpressDomain=smspillaz.wordpress.com&wordpressCount=2",
    ],
    "context": null,
    "fn": [Function],
  },
  "type": "CALL",
}
`;
